// Jest Snapshot v1, https://goo.gl/fbAQLP

exports[`<LoanView loan={loan} /> LoanView renders correctly 1`] = `
<div
  class="jumbotron list-group"
>
  <div
    class="row"
  >
    <div
      class="col-md-4"
    >
      <img
        alt="file.png"
        class="img-responsive"
        src="/loans/marketplace/loans/88873/photos/8937"
      />
      <h2>
        Další informace
      </h2>
      <p>
        <span
          class="text-warning"
        >
          Úroková sazba
        </span>
        :   
        0.0499%
      </p>
      <p>
        <span
          class="text-warning"
        >
          Uzávěrka
        </span>
        :   
        2017-05-16
      </p>
      <p>
        <span
          class="text-warning"
        >
          Částka
        </span>
        :   
        350000Kč
      </p>
      <p>
        <span
          class="text-warning"
        >
          Na jak dlouho
        </span>
        :   
        38 Měsicu
      </p>
    </div>
    <div
      class="col-md-6"
    >
      <h1>
         
        Pomoc investorů investorovi
         
      </h1>
      <div>
         
        Mala hystorie
         
      </div>
      <div
        class="loan-view-details"
      >
        <p>
          <span
            class="text-warning"
          >
            Autor
          </span>
          :   
          zonky114025
        </p>
        <p>
          <span
            class="text-warning"
          >
            Bylo Publikováno
          </span>
          :   
          2017-05-14
        </p>
        <p>
          <span
            class="text-warning"
          >
            Hodnocení
          </span>
          :   
          AAAA
        </p>
      </div>
    </div>
  </div>
</div>
`;

exports[`<loanJSON object for testing  /> it it will be changed Layout and ListView test will be changed also 1`] = `
Object {
  "amount": 350000,
  "covered": false,
  "datePublished": "2017-05-14T17:09:54.768+02:00",
  "deadline": "2017-05-16T16:50:50.922+02:00",
  "id": 1,
  "interestRate": 0.0499,
  "investmentRate": 0.33085714285714285,
  "investmentsCount": 229,
  "mainIncomeType": "SELF_EMPLOYMENT",
  "name": "Pomoc investorů investorovi",
  "nickName": "zonky114025",
  "photos": Array [
    Object {
      "name": "file.png",
      "url": "/loans/88873/photos/8937",
    },
  ],
  "published": true,
  "purpose": "8",
  "questionsCount": 1,
  "rating": "AAAA",
  "region": "14",
  "remainingInvestment": 234200,
  "story": "Mala hystorie",
  "termInMonths": 38,
  "topped": null,
  "userId": 114025,
}
`;
